stm32f103x8_EXTI_driver.c:41:6:Enable_NVIC	16	static
stm32f103x8_EXTI_driver.c:77:6:Disable_NVIC	16	static
stm32f103x8_EXTI_driver.c:124:6:UPDATE_EXTI	24	static
stm32f103x8_EXTI_driver.c:192:6:MCAL_EXTI_GPIO_DEINIT	4	static
stm32f103x8_EXTI_driver.c:226:6:MCAL_EXTI_GPIO_INIT	16	static
stm32f103x8_EXTI_driver.c:248:6:MCAL_EXTI_GPIO_UPDATE	16	static
stm32f103x8_EXTI_driver.c:258:6:EXTI0_IRQHandler	8	static
stm32f103x8_EXTI_driver.c:264:6:EXTI1_IRQHandler	8	static
stm32f103x8_EXTI_driver.c:270:6:EXTI2_IRQHandler	8	static
stm32f103x8_EXTI_driver.c:275:6:EXTI3_IRQHandler	8	static
stm32f103x8_EXTI_driver.c:280:6:EXTI4_IRQHandler	8	static
stm32f103x8_EXTI_driver.c:285:6:EXTI9_5_IRQHandler	8	static
stm32f103x8_EXTI_driver.c:293:6:EXTI15_10_IRQHandler	8	static
