Archive member included to satisfy reference by file (symbol)

c:/st/stm32cubeide_1.4.0/stm32cubeide/plugins/com.st.stm32cube.ide.mcu.externaltools.gnu-tools-for-stm32.7-2018-q2-update.win32_1.4.0.202007081208/tools/bin/../lib/gcc/arm-none-eabi/7.3.1/../../../../arm-none-eabi/lib/thumb/v7-m\libc_nano.a(lib_a-errno.o)
                              Src/syscalls.o (__errno)
c:/st/stm32cubeide_1.4.0/stm32cubeide/plugins/com.st.stm32cube.ide.mcu.externaltools.gnu-tools-for-stm32.7-2018-q2-update.win32_1.4.0.202007081208/tools/bin/../lib/gcc/arm-none-eabi/7.3.1/../../../../arm-none-eabi/lib/thumb/v7-m\libc_nano.a(lib_a-exit.o)
                              c:/st/stm32cubeide_1.4.0/stm32cubeide/plugins/com.st.stm32cube.ide.mcu.externaltools.gnu-tools-for-stm32.7-2018-q2-update.win32_1.4.0.202007081208/tools/bin/../lib/gcc/arm-none-eabi/7.3.1/../../../../arm-none-eabi/lib/thumb/v7-m/crt0.o (exit)
c:/st/stm32cubeide_1.4.0/stm32cubeide/plugins/com.st.stm32cube.ide.mcu.externaltools.gnu-tools-for-stm32.7-2018-q2-update.win32_1.4.0.202007081208/tools/bin/../lib/gcc/arm-none-eabi/7.3.1/../../../../arm-none-eabi/lib/thumb/v7-m\libc_nano.a(lib_a-impure.o)
                              c:/st/stm32cubeide_1.4.0/stm32cubeide/plugins/com.st.stm32cube.ide.mcu.externaltools.gnu-tools-for-stm32.7-2018-q2-update.win32_1.4.0.202007081208/tools/bin/../lib/gcc/arm-none-eabi/7.3.1/../../../../arm-none-eabi/lib/thumb/v7-m\libc_nano.a(lib_a-exit.o) (_global_impure_ptr)
c:/st/stm32cubeide_1.4.0/stm32cubeide/plugins/com.st.stm32cube.ide.mcu.externaltools.gnu-tools-for-stm32.7-2018-q2-update.win32_1.4.0.202007081208/tools/bin/../lib/gcc/arm-none-eabi/7.3.1/../../../../arm-none-eabi/lib/thumb/v7-m\libc_nano.a(lib_a-init.o)
                              c:/st/stm32cubeide_1.4.0/stm32cubeide/plugins/com.st.stm32cube.ide.mcu.externaltools.gnu-tools-for-stm32.7-2018-q2-update.win32_1.4.0.202007081208/tools/bin/../lib/gcc/arm-none-eabi/7.3.1/../../../../arm-none-eabi/lib/thumb/v7-m/crt0.o (__libc_init_array)
c:/st/stm32cubeide_1.4.0/stm32cubeide/plugins/com.st.stm32cube.ide.mcu.externaltools.gnu-tools-for-stm32.7-2018-q2-update.win32_1.4.0.202007081208/tools/bin/../lib/gcc/arm-none-eabi/7.3.1/../../../../arm-none-eabi/lib/thumb/v7-m\libc_nano.a(lib_a-memset.o)
                              c:/st/stm32cubeide_1.4.0/stm32cubeide/plugins/com.st.stm32cube.ide.mcu.externaltools.gnu-tools-for-stm32.7-2018-q2-update.win32_1.4.0.202007081208/tools/bin/../lib/gcc/arm-none-eabi/7.3.1/../../../../arm-none-eabi/lib/thumb/v7-m/crt0.o (memset)
c:/st/stm32cubeide_1.4.0/stm32cubeide/plugins/com.st.stm32cube.ide.mcu.externaltools.gnu-tools-for-stm32.7-2018-q2-update.win32_1.4.0.202007081208/tools/bin/../lib/gcc/arm-none-eabi/7.3.1/../../../../arm-none-eabi/lib/thumb/v7-m\libc_nano.a(lib_a-sprintf.o)
                              STM32F103C6_Drivers/LCD/lcd.o (sprintf)
c:/st/stm32cubeide_1.4.0/stm32cubeide/plugins/com.st.stm32cube.ide.mcu.externaltools.gnu-tools-for-stm32.7-2018-q2-update.win32_1.4.0.202007081208/tools/bin/../lib/gcc/arm-none-eabi/7.3.1/../../../../arm-none-eabi/lib/thumb/v7-m\libc_nano.a(lib_a-nano-svfprintf.o)
                              c:/st/stm32cubeide_1.4.0/stm32cubeide/plugins/com.st.stm32cube.ide.mcu.externaltools.gnu-tools-for-stm32.7-2018-q2-update.win32_1.4.0.202007081208/tools/bin/../lib/gcc/arm-none-eabi/7.3.1/../../../../arm-none-eabi/lib/thumb/v7-m\libc_nano.a(lib_a-sprintf.o) (_svfprintf_r)
c:/st/stm32cubeide_1.4.0/stm32cubeide/plugins/com.st.stm32cube.ide.mcu.externaltools.gnu-tools-for-stm32.7-2018-q2-update.win32_1.4.0.202007081208/tools/bin/../lib/gcc/arm-none-eabi/7.3.1/../../../../arm-none-eabi/lib/thumb/v7-m\libc_nano.a(lib_a-nano-vfprintf_i.o)
                              c:/st/stm32cubeide_1.4.0/stm32cubeide/plugins/com.st.stm32cube.ide.mcu.externaltools.gnu-tools-for-stm32.7-2018-q2-update.win32_1.4.0.202007081208/tools/bin/../lib/gcc/arm-none-eabi/7.3.1/../../../../arm-none-eabi/lib/thumb/v7-m\libc_nano.a(lib_a-nano-svfprintf.o) (_printf_i)
c:/st/stm32cubeide_1.4.0/stm32cubeide/plugins/com.st.stm32cube.ide.mcu.externaltools.gnu-tools-for-stm32.7-2018-q2-update.win32_1.4.0.202007081208/tools/bin/../lib/gcc/arm-none-eabi/7.3.1/../../../../arm-none-eabi/lib/thumb/v7-m\libc_nano.a(lib_a-memchr-stub.o)
                              c:/st/stm32cubeide_1.4.0/stm32cubeide/plugins/com.st.stm32cube.ide.mcu.externaltools.gnu-tools-for-stm32.7-2018-q2-update.win32_1.4.0.202007081208/tools/bin/../lib/gcc/arm-none-eabi/7.3.1/../../../../arm-none-eabi/lib/thumb/v7-m\libc_nano.a(lib_a-nano-svfprintf.o) (memchr)
c:/st/stm32cubeide_1.4.0/stm32cubeide/plugins/com.st.stm32cube.ide.mcu.externaltools.gnu-tools-for-stm32.7-2018-q2-update.win32_1.4.0.202007081208/tools/bin/../lib/gcc/arm-none-eabi/7.3.1/../../../../arm-none-eabi/lib/thumb/v7-m\libc_nano.a(lib_a-memcpy-stub.o)
[...]
Memory Configuration

Name             Origin             Length             Attributes
RAM              0x0000000020000000 0x0000000000002800 xrw
ROM              0x0000000008000000 0x0000000000008000 xr
*default*        0x0000000000000000 0xffffffffffffffff

Linker script and memory map

LOAD c:/st/stm32cubeide_1.4.0/stm32cubeide/plugins/com.st.stm32cube.ide.mcu.externaltools.gnu-tools-for-stm32.7-2018-q2-update.win32_1.4.0.202007081208/tools/bin/../lib/gcc/arm-none-eabi/7.3.1/thumb/v7-m/crti.o
LOAD c:/st/stm32cubeide_1.4.0/stm32cubeide/plugins/com.st.stm32cube.ide.mcu.externaltools.gnu-tools-for-stm32.7-2018-q2-update.win32_1.4.0.202007081208/tools/bin/../lib/gcc/arm-none-eabi/7.3.1/thumb/v7-m/crtbegin.o
LOAD c:/st/stm32cubeide_1.4.0/stm32cubeide/plugins/com.st.stm32cube.ide.mcu.externaltools.gnu-tools-for-stm32.7-2018-q2-update.win32_1.4.0.202007081208/tools/bin/../lib/gcc/arm-none-eabi/7.3.1/../../../../arm-none-eabi/lib/thumb/v7-m/crt0.o
LOAD STM32F103C6_Drivers/EXTI/stm32f103x8_EXTI_driver.o
LOAD STM32F103C6_Drivers/GPIO/stm32f103x8_GPIO_driver.o
LOAD STM32F103C6_Drivers/Keypad/Keypad.o
LOAD STM32F103C6_Drivers/LCD/lcd.o
LOAD Src/main.o
LOAD Src/syscalls.o
LOAD Src/sysmem.o
LOAD Startup/startup_stm32f103c6tx.o
START GROUP
LOAD c:/st/stm32cubeide_1.4.0/stm32cubeide/plugins/com.st.stm32cube.ide.mcu.externaltools.gnu-tools-for-stm32.7-2018-q2-update.win32_1.4.0.202007081208/tools/bin/../lib/gcc/arm-none-eabi/7.3.1/../../../../arm-none-eabi/lib/thumb/v7-m\libc_nano.a
LOAD c:/st/stm32cubeide_1.4.0/stm32cubeide/plugins/com.st.stm32cube.ide.mcu.externaltools.gnu-tools-for-stm32.7-2018-q2-update.win32_1.4.0.202007081208/tools/bin/../lib/gcc/arm-none-eabi/7.3.1/../../../../arm-none-eabi/lib/thumb/v7-m\libm.a
END GROUP
START GROUP
LOAD c:/st/stm32cubeide_1.4.0/stm32cubeide/plugins/com.st.stm32cube.ide.mcu.externaltools.gnu-tools-for-stm32.7-2018-q2-update.win32_1.4.0.202007081208/tools/bin/../lib/gcc/arm-none-eabi/7.3.1/thumb/v7-m\libgcc.a
LOAD c:/st/stm32cubeide_1.4.0/stm32cubeide/plugins/com.st.stm32cube.ide.mcu.externaltools.gnu-tools-for-stm32.7-2018-q2-update.win32_1.4.0.202007081208/tools/bin/../lib/gcc/arm-none-eabi/7.3.1/../../../../arm-none-eabi/lib/thumb/v7-m\libg_nano.a
LOAD c:/st/stm32cubeide_1.4.0/stm32cubeide/plugins/com.st.stm32cube.ide.mcu.externaltools.gnu-tools-for-stm32.7-2018-q2-update.win32_1.4.0.202007081208/tools/bin/../lib/gcc/arm-none-eabi/7.3.1/../../../../arm-none-eabi/lib/thumb/v7-m\libc_nano.a
END GROUP
START GROUP
LOAD c:/st/stm32cubeide_1.4.0/stm32cubeide/plugins/com.st.stm32cube.ide.mcu.externaltools.gnu-tools-for-stm32.7-2018-q2-update.win32_1.4.0.202007081208/tools/bin/../lib/gcc/arm-none-eabi/7.3.1/thumb/v7-m\libgcc.a
LOAD c:/st/stm32cubeide_1.4.0/stm32cubeide/plugins/com.st.stm32cube.ide.mcu.externaltools.gnu-tools-for-stm32.7-2018-q2-update.win32_1.4.0.202007081208/tools/bin/../lib/gcc/arm-none-eabi/7.3.1/../../../../arm-none-eabi/lib/thumb/v7-m\libc_nano.a
LOAD c:/st/stm32cubeide_1.4.0/stm32cubeide/plugins/com.st.stm32cube.ide.mcu.externaltools.gnu-tools-for-stm32.7-2018-q2-update.win32_1.4.0.202007081208/tools/bin/../lib/gcc/arm-none-eabi/7.3.1/../../../../arm-none-eabi/lib/thumb/v7-m\libnosys.a
END GROUP
START GROUP
LOAD c:/st/stm32cubeide_1.4.0/stm32cubeide/plugins/com.st.stm32cube.ide.mcu.externaltools.gnu-tools-for-stm32.7-2018-q2-update.win32_1.4.0.202007081208/tools/bin/../lib/gcc/arm-none-eabi/7.3.1/thumb/v7-m\libgcc.a
LOAD c:/st/stm32cubeide_1.4.0/stm32cubeide/plugins/com.st.stm32cube.ide.mcu.externaltools.gnu-tools-for-stm32.7-2018-q2-update.win32_1.4.0.202007081208/tools/bin/../lib/gcc/arm-none-eabi/7.3.1/../../../../arm-none-eabi/lib/thumb/v7-m\libc_nano.a
LOAD c:/st/stm32cubeide_1.4.0/stm32cubeide/plugins/com.st.stm32cube.ide.mcu.externaltools.gnu-tools-for-stm32.7-2018-q2-update.win32_1.4.0.202007081208/tools/bin/../lib/gcc/arm-none-eabi/7.3.1/../../../../arm-none-eabi/lib/thumb/v7-m\libnosys.a
END GROUP
LOAD c:/st/stm32cubeide_1.4.0/stm32cubeide/plugins/com.st.stm32cube.ide.mcu.externaltools.gnu-tools-for-stm32.7-2018-q2-update.win32_1.4.0.202007081208/tools/bin/../lib/gcc/arm-none-eabi/7.3.1/thumb/v7-m/crtend.o
LOAD c:/st/stm32cubeide_1.4.0/stm32cubeide/plugins/com.st.stm32cube.ide.mcu.externaltools.gnu-tools-for-stm32.7-2018-q2-update.win32_1.4.0.202007081208/tools/bin/../lib/gcc/arm-none-eabi/7.3.1/thumb/v7-m/crtn.o
                0x0000000020002800                _estack = (ORIGIN (RAM) + LENGTH (RAM))
                0x0000000000000200                _Min_Heap_Size = 0x200
                0x0000000000000400                _Min_Stack_Size = 0x400

.isr_vector     0x0000000008000000      0x130
                0x0000000008000000                . = ALIGN (0x4)
 *(.isr_vector)
 .isr_vector    0x0000000008000000      0x130 Startup/startup_stm32f103c6tx.o
                0x0000000008000000                g_pfnVectors
                0x0000000008000130                . = ALIGN (0x4)

.text           0x0000000008000130      0xe9c
                0x0000000008000130                . = ALIGN (0x4)
 *(.text)
 .text          0x0000000008000130       0x40 c:/st/stm32cubeide_1.4.0/stm32cubeide/plugins/com.st.stm32cube.ide.mcu.externaltools.gnu-tools-for-stm32.7-2018-q2-update.win32_1.4.0.202007081208/tools/bin/../lib/gcc/arm-none-eabi/7.3.1/thumb/v7-m/crtbegin.o
 *(.text*)
 .text.EXTI0_IRQHandler
                0x0000000008000170       0x24 STM32F103C6_Drivers/EXTI/stm32f103x8_EXTI_driver.o
                0x0000000008000170                EXTI0_IRQHandler
 .text.EXTI1_IRQHandler
                0x0000000008000194       0x24 STM32F103C6_Drivers/EXTI/stm32f103x8_EXTI_driver.o
                0x0000000008000194                EXTI1_IRQHandler
 .text.EXTI2_IRQHandler
                0x00000000080001b8       0x24 STM32F103C6_Drivers/EXTI/stm32f103x8_EXTI_driver.o
                0x00000000080001b8                EXTI2_IRQHandler
 .text.EXTI3_IRQHandler
                0x00000000080001dc       0x24 STM32F103C6_Drivers/EXTI/stm32f103x8_EXTI_driver.o
                0x00000000080001dc                EXTI3_IRQHandler
 .text.EXTI4_IRQHandler
                0x0000000008000200       0x24 STM32F103C6_Drivers/EXTI/stm32f103x8_EXTI_driver.o
                0x0000000008000200                EXTI4_IRQHandler
 .text.EXTI9_5_IRQHandler
                0x0000000008000224       0xa8 STM32F103C6_Drivers/EXTI/stm32f103x8_EXTI_driver.o
                0x0000000008000224                EXTI9_5_IRQHandler
 .text.EXTI15_10_IRQHandler
                0x00000000080002cc       0xc4 STM32F103C6_Drivers/EXTI/stm32f103x8_EXTI_driver.o
                0x00000000080002cc                EXTI15_10_IRQHandler
 .text.getposition
                0x0000000008000390       0xc6 STM32F103C6_Drivers/GPIO/stm32f103x8_GPIO_driver.o
                0x0000000008000390                getposition
 .text.MCAL_GPIO_INIT
                0x0000000008000456      0x12c STM32F103C6_Drivers/GPIO/stm32f103x8_GPIO_driver.o
                0x0000000008000456                MCAL_GPIO_INIT
 .text.MCAL_GPIO_READ_PIN
                0x0000000008000582       0x2e STM32F103C6_Drivers/GPIO/stm32f103x8_GPIO_driver.o
                0x0000000008000582                MCAL_GPIO_READ_PIN
 .text.MCAL_GPIO_WRITE_PIN
                0x00000000080005b0       0x2e STM32F103C6_Drivers/GPIO/stm32f103x8_GPIO_driver.o
                0x00000000080005b0                MCAL_GPIO_WRITE_PIN
 .text.MCAL_GPIO_WRITE_PORT
                0x00000000080005de       0x1c STM32F103C6_Drivers/GPIO/stm32f103x8_GPIO_driver.o
                0x00000000080005de                MCAL_GPIO_WRITE_PORT
 *fill*         0x00000000080005fa        0x2 
 .text.Keypad_init
                0x00000000080005fc       0xcc STM32F103C6_Drivers/Keypad/Keypad.o
                0x00000000080005fc                Keypad_init
 .text.Keypad_getkey
                0x00000000080006c8      0x194 STM32F103C6_Drivers/Keypad/Keypad.o
                0x00000000080006c8                Keypad_getkey
 .text._delay_ms
                0x000000000800085c       0x38 STM32F103C6_Drivers/LCD/lcd.o
                0x000000000800085c                _delay_ms
 .text.LCD_clear_screen
                0x0000000008000894        0xe STM32F103C6_Drivers/LCD/lcd.o
                0x0000000008000894                LCD_clear_screen
 *fill*         0x00000000080008a2        0x2 
 .text.LCD_lcd_kick
                0x00000000080008a4       0x2c STM32F103C6_Drivers/LCD/lcd.o
                0x00000000080008a4                LCD_lcd_kick
 .text.LCD_GOTO_XY
                0x00000000080008d0       0x48 STM32F103C6_Drivers/LCD/lcd.o
                0x00000000080008d0                LCD_GOTO_XY
 .text.LCD_INIT
                0x0000000008000918      0x180 STM32F103C6_Drivers/LCD/lcd.o
                0x0000000008000918                LCD_INIT
 .text.LCD_check_lcd_isbusy
                0x0000000008000a98      0x1a8 STM32F103C6_Drivers/LCD/lcd.o
                0x0000000008000a98                LCD_check_lcd_isbusy
 .text.LCD_WRITE_COMMAND
                0x0000000008000c40       0x48 STM32F103C6_Drivers/LCD/lcd.o
                0x0000000008000c40                LCD_WRITE_COMMAND
 .text.LCD_WRITE_CHAR
                0x0000000008000c88       0x50 STM32F103C6_Drivers/LCD/lcd.o
                0x0000000008000c88                LCD_WRITE_CHAR
 .text.LCD_WRITE_STRING
                0x0000000008000cd8       0x58 STM32F103C6_Drivers/LCD/lcd.o
                0x0000000008000cd8                LCD_WRITE_STRING
 .text.wait_ms  0x0000000008000d30       0x38 Src/main.o
                0x0000000008000d30                wait_ms
 .text.seg7_init
                0x0000000008000d68       0xbc Src/main.o
                0x0000000008000d68                seg7_init
 .text.main     0x0000000008000e24       0xf4 Src/main.o
                0x0000000008000e24                main
 .text.Reset_Handler
                0x0000000008000f18       0x50 Startup/startup_stm32f103c6tx.o
                0x0000000008000f18                Reset_Handler
 .text.Default_Handler
                0x0000000008000f68        0x2 Startup/startup_stm32f103c6tx.o
                0x0000000008000f68                TIM8_TRG_COM_IRQHandler
                0x0000000008000f68                TIM8_CC_IRQHandler
                0x0000000008000f68                DebugMon_Handler
                0x0000000008000f68                TIM1_CC_IRQHandler
                0x0000000008000f68                HardFault_Handler
                0x0000000008000f68                TIM6_IRQHandler
                0x0000000008000f68                SysTick_Handler
                0x0000000008000f68                PVD_IRQHandler
                0x0000000008000f68                SDIO_IRQHandler
                0x0000000008000f68                PendSV_Handler
                0x0000000008000f68                NMI_Handler
                0x0000000008000f68                USB_HP_CAN_TX_IRQHandler
                0x0000000008000f68                I2C2_EV_IRQHandler
                0x0000000008000f68                UsageFault_Handler
                0x0000000008000f68                ADC1_2_IRQHandler
                0x0000000008000f68                SPI1_IRQHandler
                0x0000000008000f68                CAN_SCE_IRQHandler
                0x0000000008000f68                TAMPER_IRQHandler
                0x0000000008000f68                TIM8_UP_IRQHandler
                0x0000000008000f68                DMA2_Channel2_IRQHandler
                0x0000000008000f68                DMA1_Channel4_IRQHandler
                0x0000000008000f68                USART3_IRQHandler
                0x0000000008000f68                RTC_IRQHandler
                0x0000000008000f68                DMA1_Channel7_IRQHandler
                0x0000000008000f68                UART5_IRQHandler
                0x0000000008000f68                ADC3_IRQHandler
                0x0000000008000f68                TIM4_IRQHandler
                0x0000000008000f68                CAN_RX1_IRQHandler
                0x0000000008000f68                DMA2_Channel1_IRQHandler
                0x0000000008000f68                I2C1_EV_IRQHandler
                0x0000000008000f68                DMA1_Channel6_IRQHandler
                0x0000000008000f68                UART4_IRQHandler
                0x0000000008000f68                TIM3_IRQHandler
                0x0000000008000f68                RCC_IRQHandler
                0x0000000008000f68                TIM1_TRG_COM_IRQHandler
                0x0000000008000f68                DMA1_Channel1_IRQHandler
                0x0000000008000f68                Default_Handler
                0x0000000008000f68                TIM7_IRQHandler
                0x0000000008000f68                TIM5_IRQHandler
                0x0000000008000f68                SPI2_IRQHandler
                0x0000000008000f68                USB_LP_CAN_RX0_IRQHandler
                0x0000000008000f68                MemManage_Handler
                0x0000000008000f68                SVC_Handler
                0x0000000008000f68                DMA1_Channel5_IRQHandler
                0x0000000008000f68                DMA1_Channel3_IRQHandler
                0x0000000008000f68                FSMC_IRQHandler
                0x0000000008000f68                TIM1_UP_IRQHandler
                0x0000000008000f68                WWDG_IRQHandler
                0x0000000008000f68                TIM2_IRQHandler
                0x0000000008000f68                TIM1_BRK_IRQHandler
                0x0000000008000f68                RTCAlarm_IRQHandler
                0x0000000008000f68                DMA2_Channel4_5_IRQHandler
                0x0000000008000f68                USART2_IRQHandler
                0x0000000008000f68                I2C2_ER_IRQHandler
                0x0000000008000f68                DMA1_Channel2_IRQHandler
                0x0000000008000f68                TIM8_BRK_IRQHandler
                0x0000000008000f68                FLASH_IRQHandler
                0x0000000008000f68                BusFault_Handler
                0x0000000008000f68                USART1_IRQHandler
                0x0000000008000f68                SPI3_IRQHandler
                0x0000000008000f68                I2C1_ER_IRQHandler
                0x0000000008000f68                DMA2_Channel3_IRQHandler
 *fill*         0x0000000008000f6a        0x2 
 .text.__libc_init_array
                0x0000000008000f6c       0x48 c:/st/stm32cubeide_1.4.0/stm32cubeide/plugins/com.st.stm32cube.ide.mcu.externaltools.gnu-tools-for-stm32.7-2018-q2-update.win32_1.4.0.202007081208/tools/bin/../lib/gcc/arm-none-eabi/7.3.1/../../../../arm-none-eabi/lib/thumb/v7-m\libc_nano.a(lib_a-init.o)
                0x0000000008000f6c                __libc_init_array
 *(.glue_7)
 .glue_7        0x0000000008000fb4        0x0 linker stubs
 *(.glue_7t)
 .glue_7t       0x0000000008000fb4        0x0 linker stubs
 *(.eh_frame)
 .eh_frame      0x0000000008000fb4        0x0 c:/st/stm32cubeide_1.4.0/stm32cubeide/plugins/com.st.stm32cube.ide.mcu.externaltools.gnu-tools-for-stm32.7-2018-q2-update.win32_1.4.0.202007081208/tools/bin/../lib/gcc/arm-none-eabi/7.3.1/thumb/v7-m/crtbegin.o
 *(.init)
 .init          0x0000000008000fb4        0x4 c:/st/stm32cubeide_1.4.0/stm32cubeide/plugins/com.st.stm32cube.ide.mcu.externaltools.gnu-tools-for-stm32.7-2018-q2-update.win32_1.4.0.202007081208/tools/bin/../lib/gcc/arm-none-eabi/7.3.1/thumb/v7-m/crti.o
                0x0000000008000fb4                _init
 .init          0x0000000008000fb8        0x8 c:/st/stm32cubeide_1.4.0/stm32cubeide/plugins/com.st.stm32cube.ide.mcu.externaltools.gnu-tools-for-stm32.7-2018-q2-update.win32_1.4.0.202007081208/tools/bin/../lib/gcc/arm-none-eabi/7.3.1/thumb/v7-m/crtn.o
 *(.fini)
 .fini          0x0000000008000fc0        0x4 c:/st/stm32cubeide_1.4.0/stm32cubeide/plugins/com.st.stm32cube.ide.mcu.externaltools.gnu-tools-for-stm32.7-2018-q2-update.win32_1.4.0.202007081208/tools/bin/../lib/gcc/arm-none-eabi/7.3.1/thumb/v7-m/crti.o
                0x0000000008000fc0                _fini
 .fini          0x0000000008000fc4        0x8 c:/st/stm32cubeide_1.4.0/stm32cubeide/plugins/com.st.stm32cube.ide.mcu.externaltools.gnu-tools-for-stm32.7-2018-q2-update.win32_1.4.0.202007081208/tools/bin/../lib/gcc/arm-none-eabi/7.3.1/thumb/v7-m/crtn.o
                0x0000000008000fcc                . = ALIGN (0x4)
                0x0000000008000fcc                _etext = .

.vfp11_veneer   0x0000000008000fcc        0x0
 .vfp11_veneer  0x0000000008000fcc        0x0 linker stubs

.v4_bx          0x0000000008000fcc        0x0
 .v4_bx         0x0000000008000fcc        0x0 linker stubs

.iplt           0x0000000008000fcc        0x0
 .iplt          0x0000000008000fcc        0x0 c:/st/stm32cubeide_1.4.0/stm32cubeide/plugins/com.st.stm32cube.ide.mcu.externaltools.gnu-tools-for-stm32.7-2018-q2-update.win32_1.4.0.202007081208/tools/bin/../lib/gcc/arm-none-eabi/7.3.1/thumb/v7-m/crtbegin.o

.rodata         0x0000000008000fcc       0x34
                0x0000000008000fcc                . = ALIGN (0x4)
 *(.rodata)
 .rodata        0x0000000008000fcc       0x33 Src/main.o
 *(.rodata*)
                0x0000000008001000                . = ALIGN (0x4)
 *fill*         0x0000000008000fff        0x1 

.rel.dyn        0x0000000008001000        0x0
 .rel.iplt      0x0000000008001000        0x0 c:/st/stm32cubeide_1.4.0/stm32cubeide/plugins/com.st.stm32cube.ide.mcu.externaltools.gnu-tools-for-stm32.7-2018-q2-update.win32_1.4.0.202007081208/tools/bin/../lib/gcc/arm-none-eabi/7.3.1/thumb/v7-m/crtbegin.o

.ARM.extab      0x0000000008001000        0x0
                0x0000000008001000                . = ALIGN (0x4)
 *(.ARM.extab* .gnu.linkonce.armextab.*)
                0x0000000008001000                . = ALIGN (0x4)

.ARM            0x0000000008001000        0x0
                0x0000000008001000                . = ALIGN (0x4)
                0x0000000008001000                __exidx_start = .
 *(.ARM.exidx*)
                0x0000000008001000                __exidx_end = .
                0x0000000008001000                . = ALIGN (0x4)

.preinit_array  0x0000000008001000        0x0
                0x0000000008001000                . = ALIGN (0x4)
                0x0000000008001000                PROVIDE (__preinit_array_start = .)
 *(.preinit_array*)
                0x0000000008001000                PROVIDE (__preinit_array_end = .)
                0x0000000008001000                . = ALIGN (0x4)

.init_array     0x0000000008001000        0x4
                0x0000000008001000                . = ALIGN (0x4)
                0x0000000008001000                PROVIDE (__init_array_start = .)
 *(SORT_BY_NAME(.init_array.*))
 *(.init_array*)
 .init_array    0x0000000008001000        0x4 c:/st/stm32cubeide_1.4.0/stm32cubeide/plugins/com.st.stm32cube.ide.mcu.externaltools.gnu-tools-for-stm32.7-2018-q2-update.win32_1.4.0.202007081208/tools/bin/../lib/gcc/arm-none-eabi/7.3.1/thumb/v7-m/crtbegin.o
                0x0000000008001004                PROVIDE (__init_array_end = .)
                0x0000000008001004                . = ALIGN (0x4)

.fini_array     0x0000000008001004        0x4
                0x0000000008001004                . = ALIGN (0x4)
                [!provide]                        PROVIDE (__fini_array_start = .)
 *(SORT_BY_NAME(.fini_array.*))
 *(.fini_array*)
 .fini_array    0x0000000008001004        0x4 c:/st/stm32cubeide_1.4.0/stm32cubeide/plugins/com.st.stm32cube.ide.mcu.externaltools.gnu-tools-for-stm32.7-2018-q2-update.win32_1.4.0.202007081208/tools/bin/../lib/gcc/arm-none-eabi/7.3.1/thumb/v7-m/crtbegin.o
                [!provide]                        PROVIDE (__fini_array_end = .)
                0x0000000008001008                . = ALIGN (0x4)
                0x0000000008001008                _sidata = LOADADDR (.data)

.data           0x0000000020000000       0x20 load address 0x0000000008001008
                0x0000000020000000                . = ALIGN (0x4)
                0x0000000020000000                _sdata = .
 *(.data)
 *(.data*)
 .data.Key_padRow
                0x0000000020000000       0x10 STM32F103C6_Drivers/Keypad/Keypad.o
                0x0000000020000000                Key_padRow
 .data.Key_padCol
                0x0000000020000010       0x10 STM32F103C6_Drivers/Keypad/Keypad.o
                0x0000000020000010                Key_padCol
                0x0000000020000020                . = ALIGN (0x4)
                0x0000000020000020                _edata = .

.igot.plt       0x0000000020000020        0x0 load address 0x0000000008001028
 .igot.plt      0x0000000020000020        0x0 c:/st/stm32cubeide_1.4.0/stm32cubeide/plugins/com.st.stm32cube.ide.mcu.externaltools.gnu-tools-for-stm32.7-2018-q2-update.win32_1.4.0.202007081208/tools/bin/../lib/gcc/arm-none-eabi/7.3.1/thumb/v7-m/crtbegin.o
                0x0000000020000020                . = ALIGN (0x4)

.bss            0x0000000020000020       0x5c load address 0x0000000008001028
                0x0000000020000020                _sbss = .
                0x0000000020000020                __bss_start__ = _sbss
 *(.bss)
 .bss           0x0000000020000020       0x1c c:/st/stm32cubeide_1.4.0/stm32cubeide/plugins/com.st.stm32cube.ide.mcu.externaltools.gnu-tools-for-stm32.7-2018-q2-update.win32_1.4.0.202007081208/tools/bin/../lib/gcc/arm-none-eabi/7.3.1/thumb/v7-m/crtbegin.o
 *(.bss*)
 *(COMMON)
 COMMON         0x000000002000003c       0x3c STM32F103C6_Drivers/EXTI/stm32f103x8_EXTI_driver.o
                0x000000002000003c                GP_IRQ_Callback
 COMMON         0x0000000020000078        0x4 STM32F103C6_Drivers/LCD/lcd.o
                0x0000000020000078                config
                0x000000002000007c                . = ALIGN (0x4)
                0x000000002000007c                _ebss = .
                0x000000002000007c                __bss_end__ = _ebss

._user_heap_stack
                0x000000002000007c      0x604 load address 0x0000000008001028
                0x0000000020000080                . = ALIGN (0x8)
 *fill*         0x000000002000007c        0x4 
                [!provide]                        PROVIDE (end = .)
                0x0000000020000080                PROVIDE (_end = .)
                0x0000000020000280                . = (. + _Min_Heap_Size)
 *fill*         0x0000000020000080      0x200 
                0x0000000020000680                . = (. + _Min_Stack_Size)
 *fill*         0x0000000020000280      0x400 
                0x0000000020000680                . = ALIGN (0x8)

/DISCARD/
 libc.a(*)
 libm.a(*)
 libgcc.a(*)

.ARM.attributes
                0x0000000000000000       0x29
 *(.ARM.attributes)
 .ARM.attributes
                0x0000000000000000       0x1d c:/st/stm32cubeide_1.4.0/stm32cubeide/plugins/com.st.stm32cube.ide.mcu.externaltools.gnu-tools-for-stm32.7-2018-q2-update.win32_1.4.0.202007081208/tools/bin/../lib/gcc/arm-none-eabi/7.3.1/thumb/v7-m/crti.o
 .ARM.attributes
                0x000000000000001d       0x2d c:/st/stm32cubeide_1.4.0/stm32cubeide/plugins/com.st.stm32cube.ide.mcu.externaltools.gnu-tools-for-stm32.7-2018-q2-update.win32_1.4.0.202007081208/tools/bin/../lib/gcc/arm-none-eabi/7.3.1/thumb/v7-m/crtbegin.o
 .ARM.attributes
                0x000000000000004a       0x33 STM32F103C6_Drivers/EXTI/stm32f103x8_EXTI_driver.o
 .ARM.attributes
                0x000000000000007d       0x33 STM32F103C6_Drivers/GPIO/stm32f103x8_GPIO_driver.o
 .ARM.attributes
                0x00000000000000b0       0x33 STM32F103C6_Drivers/Keypad/Keypad.o
 .ARM.attributes
                0x00000000000000e3       0x33 STM32F103C6_Drivers/LCD/lcd.o
 .ARM.attributes
                0x0000000000000116       0x33 Src/main.o
 .ARM.attributes
                0x0000000000000149       0x21 Startup/startup_stm32f103c6tx.o
 .ARM.attributes
                0x000000000000016a       0x2d c:/st/stm32cubeide_1.4.0/stm32cubeide/plugins/com.st.stm32cube.ide.mcu.externaltools.gnu-tools-for-stm32.7-2018-q2-update.win32_1.4.0.202007081208/tools/bin/../lib/gcc/arm-none-eabi/7.3.1/../../../../arm-none-eabi/lib/thumb/v7-m\libc_nano.a(lib_a-init.o)
 .ARM.attributes
                0x0000000000000197       0x1d c:/st/stm32cubeide_1.4.0/stm32cubeide/plugins/com.st.stm32cube.ide.mcu.externaltools.gnu-tools-for-stm32.7-2018-q2-update.win32_1.4.0.202007081208/tools/bin/../lib/gcc/arm-none-eabi/7.3.1/thumb/v7-m/crtn.o
OUTPUT(Driverrs.elf elf32-littlearm)

.debug_info     0x0000000000000000     0x3f4b
 .debug_info    0x0000000000000000      0xdc9 STM32F103C6_Drivers/EXTI/stm32f103x8_EXTI_driver.o
 .debug_info    0x0000000000000dc9      0xd6e STM32F103C6_Drivers/GPIO/stm32f103x8_GPIO_driver.o
 .debug_info    0x0000000000001b37      0xb11 STM32F103C6_Drivers/Keypad/Keypad.o
 .debug_info    0x0000000000002648      0xcd7 STM32F103C6_Drivers/LCD/lcd.o
 .debug_info    0x000000000000331f      0xc0a Src/main.o
 .debug_info    0x0000000000003f29       0x22 Startup/startup_stm32f103c6tx.o

.debug_abbrev   0x0000000000000000      0xa25
 .debug_abbrev  0x0000000000000000      0x210 STM32F103C6_Drivers/EXTI/stm32f103x8_EXTI_driver.o
 .debug_abbrev  0x0000000000000210      0x241 STM32F103C6_Drivers/GPIO/stm32f103x8_GPIO_driver.o
 .debug_abbrev  0x0000000000000451      0x1b5 STM32F103C6_Drivers/Keypad/Keypad.o
 .debug_abbrev  0x0000000000000606      0x235 STM32F103C6_Drivers/LCD/lcd.o
 .debug_abbrev  0x000000000000083b      0x1d8 Src/main.o
 .debug_abbrev  0x0000000000000a13       0x12 Startup/startup_stm32f103c6tx.o

.debug_loc      0x0000000000000000      0xac1
 .debug_loc     0x0000000000000000      0x320 STM32F103C6_Drivers/EXTI/stm32f103x8_EXTI_driver.o
 .debug_loc     0x0000000000000320      0x330 STM32F103C6_Drivers/GPIO/stm32f103x8_GPIO_driver.o
 .debug_loc     0x0000000000000650       0xa0 STM32F103C6_Drivers/Keypad/Keypad.o
 .debug_loc     0x00000000000006f0      0x2ed STM32F103C6_Drivers/LCD/lcd.o
 .debug_loc     0x00000000000009dd       0xe4 Src/main.o

.debug_aranges  0x0000000000000000      0x1d0
 .debug_aranges
                0x0000000000000000       0x80 STM32F103C6_Drivers/EXTI/stm32f103x8_EXTI_driver.o
 .debug_aranges
                0x0000000000000080       0x60 STM32F103C6_Drivers/GPIO/stm32f103x8_GPIO_driver.o
 .debug_aranges
                0x00000000000000e0       0x28 STM32F103C6_Drivers/Keypad/Keypad.o
 .debug_aranges
                0x0000000000000108       0x70 STM32F103C6_Drivers/LCD/lcd.o
 .debug_aranges
                0x0000000000000178       0x30 Src/main.o
 .debug_aranges
                0x00000000000001a8       0x28 Startup/startup_stm32f103c6tx.o

.debug_ranges   0x0000000000000000      0x178
 .debug_ranges  0x0000000000000000       0x70 STM32F103C6_Drivers/EXTI/stm32f103x8_EXTI_driver.o
 .debug_ranges  0x0000000000000070       0x50 STM32F103C6_Drivers/GPIO/stm32f103x8_GPIO_driver.o
 .debug_ranges  0x00000000000000c0       0x18 STM32F103C6_Drivers/Keypad/Keypad.o
 .debug_ranges  0x00000000000000d8       0x60 STM32F103C6_Drivers/LCD/lcd.o
 .debug_ranges  0x0000000000000138       0x20 Src/main.o
 .debug_ranges  0x0000000000000158       0x20 Startup/startup_stm32f103c6tx.o

.debug_macro    0x0000000000000000     0x2936
 .debug_macro   0x0000000000000000      0x156 STM32F103C6_Drivers/EXTI/stm32f103x8_EXTI_driver.o
 .debug_macro   0x0000000000000156      0xa60 STM32F103C6_Drivers/EXTI/stm32f103x8_EXTI_driver.o
 .debug_macro   0x0000000000000bb6       0x18 STM32F103C6_Drivers/EXTI/stm32f103x8_EXTI_driver.o
 .debug_macro   0x0000000000000bce       0x22 STM32F103C6_Drivers/EXTI/stm32f103x8_EXTI_driver.o
 .debug_macro   0x0000000000000bf0       0x40 STM32F103C6_Drivers/EXTI/stm32f103x8_EXTI_driver.o
 .debug_macro   0x0000000000000c30       0x94 STM32F103C6_Drivers/EXTI/stm32f103x8_EXTI_driver.o
 .debug_macro   0x0000000000000cc4       0x3c STM32F103C6_Drivers/EXTI/stm32f103x8_EXTI_driver.o
 .debug_macro   0x0000000000000d00       0x34 STM32F103C6_Drivers/EXTI/stm32f103x8_EXTI_driver.o
 .debug_macro   0x0000000000000d34       0x16 STM32F103C6_Drivers/EXTI/stm32f103x8_EXTI_driver.o
 .debug_macro   0x0000000000000d4a      0x10e STM32F103C6_Drivers/EXTI/stm32f103x8_EXTI_driver.o
 .debug_macro   0x0000000000000e58       0x8d STM32F103C6_Drivers/EXTI/stm32f103x8_EXTI_driver.o
 .debug_macro   0x0000000000000ee5       0x57 STM32F103C6_Drivers/EXTI/stm32f103x8_EXTI_driver.o
 .debug_macro   0x0000000000000f3c       0x52 STM32F103C6_Drivers/EXTI/stm32f103x8_EXTI_driver.o
 .debug_macro   0x0000000000000f8e       0x1f STM32F103C6_Drivers/EXTI/stm32f103x8_EXTI_driver.o
 .debug_macro   0x0000000000000fad       0x43 STM32F103C6_Drivers/EXTI/stm32f103x8_EXTI_driver.o
 .debug_macro   0x0000000000000ff0       0x20 STM32F103C6_Drivers/EXTI/stm32f103x8_EXTI_driver.o
 .debug_macro   0x0000000000001010      0x1a3 STM32F103C6_Drivers/EXTI/stm32f103x8_EXTI_driver.o
 .debug_macro   0x00000000000011b3      0x330 STM32F103C6_Drivers/EXTI/stm32f103x8_EXTI_driver.o
 .debug_macro   0x00000000000014e3       0x16 STM32F103C6_Drivers/EXTI/stm32f103x8_EXTI_driver.o
 .debug_macro   0x00000000000014f9       0x29 STM32F103C6_Drivers/EXTI/stm32f103x8_EXTI_driver.o
 .debug_macro   0x0000000000001522       0xef STM32F103C6_Drivers/EXTI/stm32f103x8_EXTI_driver.o
 .debug_macro   0x0000000000001611       0x6a STM32F103C6_Drivers/EXTI/stm32f103x8_EXTI_driver.o
 .debug_macro   0x000000000000167b      0x1df STM32F103C6_Drivers/EXTI/stm32f103x8_EXTI_driver.o
 .debug_macro   0x000000000000185a      0x1b0 STM32F103C6_Drivers/EXTI/stm32f103x8_EXTI_driver.o
 .debug_macro   0x0000000000001a0a       0xd0 STM32F103C6_Drivers/EXTI/stm32f103x8_EXTI_driver.o
 .debug_macro   0x0000000000001ada      0x228 STM32F103C6_Drivers/EXTI/stm32f103x8_EXTI_driver.o
 .debug_macro   0x0000000000001d02      0x143 STM32F103C6_Drivers/GPIO/stm32f103x8_GPIO_driver.o
 .debug_macro   0x0000000000001e45       0xca STM32F103C6_Drivers/GPIO/stm32f103x8_GPIO_driver.o
 .debug_macro   0x0000000000001f0f      0x14d STM32F103C6_Drivers/Keypad/Keypad.o
 .debug_macro   0x000000000000205c       0x10 STM32F103C6_Drivers/Keypad/Keypad.o
 .debug_macro   0x000000000000206c       0x40 STM32F103C6_Drivers/Keypad/Keypad.o
 .debug_macro   0x00000000000020ac      0x215 STM32F103C6_Drivers/LCD/lcd.o
 .debug_macro   0x00000000000022c1       0x1c STM32F103C6_Drivers/LCD/lcd.o
 .debug_macro   0x00000000000022dd       0x35 STM32F103C6_Drivers/LCD/lcd.o
 .debug_macro   0x0000000000002312       0x10 STM32F103C6_Drivers/LCD/lcd.o
 .debug_macro   0x0000000000002322       0x10 STM32F103C6_Drivers/LCD/lcd.o
 .debug_macro   0x0000000000002332       0x1c STM32F103C6_Drivers/LCD/lcd.o
 .debug_macro   0x000000000000234e       0x52 STM32F103C6_Drivers/LCD/lcd.o
 .debug_macro   0x00000000000023a0       0x40 STM32F103C6_Drivers/LCD/lcd.o
 .debug_macro   0x00000000000023e0       0x10 STM32F103C6_Drivers/LCD/lcd.o
 .debug_macro   0x00000000000023f0       0x40 STM32F103C6_Drivers/LCD/lcd.o
 .debug_macro   0x0000000000002430       0xd7 STM32F103C6_Drivers/LCD/lcd.o
 .debug_macro   0x0000000000002507       0x1c STM32F103C6_Drivers/LCD/lcd.o
 .debug_macro   0x0000000000002523       0x3d STM32F103C6_Drivers/LCD/lcd.o
 .debug_macro   0x0000000000002560       0x16 STM32F103C6_Drivers/LCD/lcd.o
 .debug_macro   0x0000000000002576      0x145 STM32F103C6_Drivers/LCD/lcd.o
 .debug_macro   0x00000000000026bb       0x9a STM32F103C6_Drivers/LCD/lcd.o
 .debug_macro   0x0000000000002755      0x195 Src/main.o
 .debug_macro   0x00000000000028ea       0x4c Src/main.o

.debug_line     0x0000000000000000     0x227c
 .debug_line    0x0000000000000000      0x749 STM32F103C6_Drivers/EXTI/stm32f103x8_EXTI_driver.o
 .debug_line    0x0000000000000749      0x69d STM32F103C6_Drivers/GPIO/stm32f103x8_GPIO_driver.o
 .debug_line    0x0000000000000de6      0x65d STM32F103C6_Drivers/Keypad/Keypad.o
 .debug_line    0x0000000000001443      0x7c5 STM32F103C6_Drivers/LCD/lcd.o
 .debug_line    0x0000000000001c08      0x5f0 Src/main.o
 .debug_line    0x00000000000021f8       0x84 Startup/startup_stm32f103c6tx.o

.debug_str      0x0000000000000000     0xa70d
 .debug_str     0x0000000000000000     0x8e9e STM32F103C6_Drivers/EXTI/stm32f103x8_EXTI_driver.o
                                       0x910e (size before relaxing)
 .debug_str     0x0000000000008e9e      0x14a STM32F103C6_Drivers/GPIO/stm32f103x8_GPIO_driver.o
                                       0x7d14 (size before relaxing)
 .debug_str     0x0000000000008fe8      0x10d STM32F103C6_Drivers/Keypad/Keypad.o
                                       0x7cd1 (size before relaxing)
 .debug_str     0x00000000000090f5     0x1553 STM32F103C6_Drivers/LCD/lcd.o
                                       0x912d (size before relaxing)
 .debug_str     0x000000000000a648       0x94 Src/main.o
                                       0x7fbe (size before relaxing)
 .debug_str     0x000000000000a6dc       0x31 Startup/startup_stm32f103c6tx.o
                                         0x6e (size before relaxing)

.comment        0x0000000000000000       0x7b
 .comment       0x0000000000000000       0x7b STM32F103C6_Drivers/EXTI/stm32f103x8_EXTI_driver.o
                                         0x7c (size before relaxing)
 .comment       0x000000000000007b       0x7c STM32F103C6_Drivers/GPIO/stm32f103x8_GPIO_driver.o
 .comment       0x000000000000007b       0x7c STM32F103C6_Drivers/Keypad/Keypad.o
 .comment       0x000000000000007b       0x7c STM32F103C6_Drivers/LCD/lcd.o
 .comment       0x000000000000007b       0x7c Src/main.o

.debug_frame    0x0000000000000000      0x5ac
 .debug_frame   0x0000000000000000      0x1b0 STM32F103C6_Drivers/EXTI/stm32f103x8_EXTI_driver.o
 .debug_frame   0x00000000000001b0      0x178 STM32F103C6_Drivers/GPIO/stm32f103x8_GPIO_driver.o
 .debug_frame   0x0000000000000328       0x58 STM32F103C6_Drivers/Keypad/Keypad.o
 .debug_frame   0x0000000000000380      0x184 STM32F103C6_Drivers/LCD/lcd.o
 .debug_frame   0x0000000000000504       0x7c Src/main.o
 .debug_frame   0x0000000000000580       0x2c c:/st/stm32cubeide_1.4.0/stm32cubeide/plugins/com.st.stm32cube.ide.mcu.externaltools.gnu-tools-for-stm32.7-2018-q2-update.win32_1.4.0.202007081208/tools/bin/../lib/gcc/arm-none-eabi/7.3.1/../../../../arm-none-eabi/lib/thumb/v7-m\libc_nano.a(lib_a-init.o)
